#PV1:find_string<./rev_1/pcie3_ddr4.vm> "module pcie3_ddr4" PASSED
#PV2:find_string<vcom.log> "25105 Chosen" PASSED
#PV2:find_string<fpgaCompDir/Makefile> "" PASSED
#PV2:find_string<fpgaCompDir/part_b0_f0/Makefile> "" PASSED
#PV2:find_string<pcie3_ddr4_0_0.v> "module pcie3_ddr4_0_0" PASSED
#PV2:find_string<pcie3_ddr4_0_0.v> "sys_ctrl_top u_sys_ctrl_top" PASSED
#PV2:find_string<./compileDir/placement.txt> "" PASSED
#PV2:find_string<./compileDir/STA_Reports/prePR_STA_report.rpt> "Normalized max delay" PASSED
#PV2:simple_check<vcom.log> -dismiss "error" -add "error]" -ignore "error] 10210" "error] 10130" "error] 50400" "error] 50200" PASSED
#PV2:dont_find_string<vcom.log> "fatal error" PASSED
#PV2:find_string<vcom.log> "Design Generation End" PASSED
